{
  "$schema": "https://vega.github.io/schema/vega-lite/v2.6.0.json",
  "config": {
    "view": {
      "height": 300,
      "width": 400
    }
  },
  "data": {
    "values": [
      {
        "Trial A": -2.9920805103614,
        "Trial B": -5.0074372044436,
        "Trial C": 2.0020181879054
      },
      {
        "Trial A": -1.6951221907376,
        "Trial B": -4.2568738665107,
        "Trial C": 2.005464791601
      },
      {
        "Trial A": -1.5498179320423,
        "Trial B": -3.9883575410347,
        "Trial C": 2.0138573967102
      },
      {
        "Trial A": -1.4529076525958,
        "Trial B": -3.8396239391795,
        "Trial C": 2.0261355922737
      },
      {
        "Trial A": -1.3668401791214,
        "Trial B": -3.7323886780125,
        "Trial C": 2.0374508434966
      },
      {
        "Trial A": -1.3061998629808,
        "Trial B": -3.6504110122301,
        "Trial C": 2.0473227297786
      },
      {
        "Trial A": -1.2389194047831,
        "Trial B": -3.5867701912527,
        "Trial C": 2.0618791637256
      },
      {
        "Trial A": -1.1966054746588,
        "Trial B": -3.4671282491245,
        "Trial C": 2.071590238427
      },
      {
        "Trial A": -1.1537647092188,
        "Trial B": -3.4092176349247,
        "Trial C": 2.0761637389907
      },
      {
        "Trial A": -1.1049025015175,
        "Trial B": -3.3546095121378,
        "Trial C": 2.0848846954091
      },
      {
        "Trial A": -1.0648325600541,
        "Trial B": -3.3074238921244,
        "Trial C": 2.0936565124268
      },
      {
        "Trial A": -1.0223539119203,
        "Trial B": -3.2442779004932,
        "Trial C": 2.1073172750515
      },
      {
        "Trial A": -0.9714518634046,
        "Trial B": -3.1781112399828,
        "Trial C": 2.1158585150958
      },
      {
        "Trial A": -0.9266128558619,
        "Trial B": -3.1133886478325,
        "Trial C": 2.1268056781698
      },
      {
        "Trial A": -0.880693881924,
        "Trial B": -3.0713694934276,
        "Trial C": 2.1395760521416
      },
      {
        "Trial A": -0.8397857514616,
        "Trial B": -3.0320933943718,
        "Trial C": 2.1623777548658
      },
      {
        "Trial A": -0.8102099687098,
        "Trial B": -2.9709534552505,
        "Trial C": 2.1697799129817
      },
      {
        "Trial A": -0.7773712117529,
        "Trial B": -2.9462078319728,
        "Trial C": 2.1787759472807
      },
      {
        "Trial A": -0.7410930650427,
        "Trial B": -2.9208735368032,
        "Trial C": 2.1888812891593
      },
      {
        "Trial A": -0.723233163556,
        "Trial B": -2.8525829790559,
        "Trial C": 2.1968728737048
      },
      {
        "Trial A": -0.693057944375,
        "Trial B": -2.8134353371086,
        "Trial C": 2.2098208649318
      },
      {
        "Trial A": -0.6703783744681,
        "Trial B": -2.7811356207844,
        "Trial C": 2.217028025025
      },
      {
        "Trial A": -0.6429539501052,
        "Trial B": -2.7441885031984,
        "Trial C": 2.2273335099798
      },
      {
        "Trial A": -0.6194790282575,
        "Trial B": -2.711605501586,
        "Trial C": 2.2392348886227
      },
      {
        "Trial A": -0.5984263790396,
        "Trial B": -2.6752193650029,
        "Trial C": 2.2506899500153
      },
      {
        "Trial A": -0.5683780045032,
        "Trial B": -2.6269905733007,
        "Trial C": 2.2628728285607
      },
      {
        "Trial A": -0.546093521944,
        "Trial B": -2.5874027307516,
        "Trial C": 2.2740283220472
      },
      {
        "Trial A": -0.5151322339619,
        "Trial B": -2.5548248330135,
        "Trial C": 2.2866092429424
      },
      {
        "Trial A": -0.4892050042718,
        "Trial B": -2.539207823859,
        "Trial C": 2.2985788278045
      },
      {
        "Trial A": -0.4692064590845,
        "Trial B": -2.5112341910823,
        "Trial C": 2.3086383369613
      },
      {
        "Trial A": -0.460217734731,
        "Trial B": -2.4760116792684,
        "Trial C": 2.3170757573935
      },
      {
        "Trial A": -0.4425934876127,
        "Trial B": -2.4423075907081,
        "Trial C": 2.3293399299621
      },
      {
        "Trial A": -0.4078742917348,
        "Trial B": -2.4086607098437,
        "Trial C": 2.3376528298815
      },
      {
        "Trial A": -0.3856711471279,
        "Trial B": -2.3673170472465,
        "Trial C": 2.3426387307202
      },
      {
        "Trial A": -0.3679451458001,
        "Trial B": -2.3384721351099,
        "Trial C": 2.3570841935436
      },
      {
        "Trial A": -0.3482764497456,
        "Trial B": -2.3160299514076,
        "Trial C": 2.3639840992611
      },
      {
        "Trial A": -0.3313052435431,
        "Trial B": -2.2922042562748,
        "Trial C": 2.3721458362989
      },
      {
        "Trial A": -0.3154275221856,
        "Trial B": -2.274598889758,
        "Trial C": 2.3818889009658
      },
      {
        "Trial A": -0.3017057927779,
        "Trial B": -2.2595162738401,
        "Trial C": 2.3889445601081
      },
      {
        "Trial A": -0.2760342857019,
        "Trial B": -2.2398577995756,
        "Trial C": 2.4026795950383
      },
      {
        "Trial A": -0.2613064138201,
        "Trial B": -2.2224121416088,
        "Trial C": 2.4101534402488
      },
      {
        "Trial A": -0.2251000606563,
        "Trial B": -2.2090950800718,
        "Trial C": 2.4221905239342
      },
      {
        "Trial A": -0.1895023803109,
        "Trial B": -2.1713533239694,
        "Trial C": 2.4277715639213
      },
      {
        "Trial A": -0.1623353503592,
        "Trial B": -2.152709477204,
        "Trial C": 2.4398622860662
      },
      {
        "Trial A": -0.1427847054602,
        "Trial B": -2.135297497953,
        "Trial C": 2.4509549925732
      },
      {
        "Trial A": -0.1319870171962,
        "Trial B": -2.1033281086819,
        "Trial C": 2.4597923158295
      },
      {
        "Trial A": -0.1075857228599,
        "Trial B": -2.0912979752517,
        "Trial C": 2.4692166156414
      },
      {
        "Trial A": -0.0771975040102,
        "Trial B": -2.0654971083978,
        "Trial C": 2.4801561140508
      },
      {
        "Trial A": -0.0569373221733,
        "Trial B": -2.0417952084377,
        "Trial C": 2.4904201216983
      },
      {
        "Trial A": -0.0363972114194,
        "Trial B": -2.0128192447018,
        "Trial C": 2.5013354956166
      },
      {
        "Trial A": -0.0226126472017,
        "Trial B": -1.9743041075266,
        "Trial C": 2.5098218324693
      },
      {
        "Trial A": -0.0084872458623,
        "Trial B": -1.9520861970742,
        "Trial C": 2.5190975670026
      },
      {
        "Trial A": 0.005105247024,
        "Trial B": -1.9219785755528,
        "Trial C": 2.525944668481
      },
      {
        "Trial A": 0.0228575259075,
        "Trial B": -1.9032766796999,
        "Trial C": 2.5349739158913
      },
      {
        "Trial A": 0.0505629382563,
        "Trial B": -1.888020293478,
        "Trial C": 2.542090787821
      },
      {
        "Trial A": 0.0723499973981,
        "Trial B": -1.8580722942157,
        "Trial C": 2.5588466239676
      },
      {
        "Trial A": 0.0869773706171,
        "Trial B": -1.8427282464013,
        "Trial C": 2.568310156065
      },
      {
        "Trial A": 0.1046016863252,
        "Trial B": -1.8131908183145,
        "Trial C": 2.5750890510918
      },
      {
        "Trial A": 0.1247524737045,
        "Trial B": -1.778144753212,
        "Trial C": 2.5889596217594
      },
      {
        "Trial A": 0.1462222420997,
        "Trial B": -1.7538712636843,
        "Trial C": 2.5981060494326
      },
      {
        "Trial A": 0.1640281645277,
        "Trial B": -1.7277847742916,
        "Trial C": 2.6030092266291
      },
      {
        "Trial A": 0.1818524767952,
        "Trial B": -1.7121282553481,
        "Trial C": 2.61184720489
      },
      {
        "Trial A": 0.1960704421625,
        "Trial B": -1.686614858129,
        "Trial C": 2.6226877814513
      },
      {
        "Trial A": 0.2258438623085,
        "Trial B": -1.6491812257244,
        "Trial C": 2.634975254109
      },
      {
        "Trial A": 0.2538835840704,
        "Trial B": -1.6067824672965,
        "Trial C": 2.6474238922223
      },
      {
        "Trial A": 0.2760687970761,
        "Trial B": -1.5789568726029,
        "Trial C": 2.656053948603
      },
      {
        "Trial A": 0.2997276447832,
        "Trial B": -1.5506787563166,
        "Trial C": 2.6723421559565
      },
      {
        "Trial A": 0.3218354252783,
        "Trial B": -1.527973318725,
        "Trial C": 2.6802084335215
      },
      {
        "Trial A": 0.3350588769535,
        "Trial B": -1.4921881165513,
        "Trial C": 2.6887363633922
      },
      {
        "Trial A": 0.3586568079675,
        "Trial B": -1.4675510621696,
        "Trial C": 2.6962486347182
      },
      {
        "Trial A": 0.3995464566727,
        "Trial B": -1.4314753137793,
        "Trial C": 2.7060546636233
      },
      {
        "Trial A": 0.4299079951034,
        "Trial B": -1.3929732948729,
        "Trial C": 2.7159831430806
      },
      {
        "Trial A": 0.4520663478711,
        "Trial B": -1.3797662364045,
        "Trial C": 2.7252450053925
      },
      {
        "Trial A": 0.4800283037093,
        "Trial B": -1.3588253073514,
        "Trial C": 2.7389894917536
      },
      {
        "Trial A": 0.5151435648825,
        "Trial B": -1.3199864893496,
        "Trial C": 2.7541403248275
      },
      {
        "Trial A": 0.5294603422159,
        "Trial B": -1.2863576414118,
        "Trial C": 2.7637811924923
      },
      {
        "Trial A": 0.5594006710397,
        "Trial B": -1.2600808477399,
        "Trial C": 2.7708904542472
      },
      {
        "Trial A": 0.5874733667988,
        "Trial B": -1.2238337691876,
        "Trial C": 2.7756742993315
      },
      {
        "Trial A": 0.6096866844942,
        "Trial B": -1.1884820490508,
        "Trial C": 2.7845852727687
      },
      {
        "Trial A": 0.6543470870591,
        "Trial B": -1.1494359962851,
        "Trial C": 2.7931385742879
      },
      {
        "Trial A": 0.6890560825685,
        "Trial B": -1.1079281334903,
        "Trial C": 2.7998078765308
      },
      {
        "Trial A": 0.7086230290895,
        "Trial B": -1.0728355633933,
        "Trial C": 2.8113518464576
      },
      {
        "Trial A": 0.7261622457209,
        "Trial B": -1.0347290154209,
        "Trial C": 2.8212503755652
      },
      {
        "Trial A": 0.7566602570888,
        "Trial B": -0.9895378948866,
        "Trial C": 2.8326114468749
      },
      {
        "Trial A": 0.7975445911422,
        "Trial B": -0.9461811950496,
        "Trial C": 2.8423053149126
      },
      {
        "Trial A": 0.8384965600288,
        "Trial B": -0.9243071607381,
        "Trial C": 2.8538654130704
      },
      {
        "Trial A": 0.8663145914674,
        "Trial B": -0.8801863753057,
        "Trial C": 2.8660398935476
      },
      {
        "Trial A": 0.8977665751805,
        "Trial B": -0.8338467443887,
        "Trial C": 2.8743184481461
      },
      {
        "Trial A": 0.9258485479124,
        "Trial B": -0.7939946719407,
        "Trial C": 2.8823583178727
      },
      {
        "Trial A": 0.9559979103903,
        "Trial B": -0.7420228877088,
        "Trial C": 2.8922019722188
      },
      {
        "Trial A": 1.0114002209511,
        "Trial B": -0.6767309956691,
        "Trial C": 2.9026564949192
      },
      {
        "Trial A": 1.0910802155496,
        "Trial B": -0.6234492255437,
        "Trial C": 2.9112753615682
      },
      {
        "Trial A": 1.160798328214,
        "Trial B": -0.5682621413668,
        "Trial C": 2.9220948534374
      },
      {
        "Trial A": 1.2148714937602,
        "Trial B": -0.4733120264371,
        "Trial C": 2.9297455924767
      },
      {
        "Trial A": 1.2603310062532,
        "Trial B": -0.4234423732345,
        "Trial C": 2.9379212381745
      },
      {
        "Trial A": 1.3320555294181,
        "Trial B": -0.365540572812,
        "Trial C": 2.9517870048054
      },
      {
        "Trial A": 1.4194211580513,
        "Trial B": -0.2878372951454,
        "Trial C": 2.9571627751086
      },
      {
        "Trial A": 1.4876092912207,
        "Trial B": -0.1551160984178,
        "Trial C": 2.9669236822861
      },
      {
        "Trial A": 1.6631020273791,
        "Trial B": 0.008553006938,
        "Trial C": 2.9765755671108
      },
      {
        "Trial A": 1.9309643128605,
        "Trial B": 0.3002428123032,
        "Trial C": 2.9902008467158
      }
    ]
  },
  "encoding": {
    "x": {
      "field": "Trial A",
      "type": "quantitative"
    },
    "y": {
      "field": "Trial C",
      "type": "quantitative"
    }
  },
  "height": 600,
  "mark": "point",
  "width": 800
}