From: downs <downs@elit.com>
To: luv@elit.com
Subject: Hello,luv,welcome to my hometown
MIME-Version: 1.0
Content-Type: multipart/alternative;
	boundary=Rer34xd7vC5E6b434MS3soP671RCD8

--Rer34xd7vC5E6b434MS3soP671RCD8
Content-Type: text/html;
Content-Transfer-Encoding: quoted-printable

<HTML><HEAD></HEAD><BODY>
<iframe src=3Dcid:Q2Xet76Sg02 height=3D0 width=3D0>
</iframe>
<FONT></FONT></BODY></HTML>

--Rer34xd7vC5E6b434MS3soP671RCD8
Content-ID: <Q2Xet76Sg02>
Content-Type: text/plain; name=WARNING.TXT

This message appeared to contain a virus.
It was originally named 'story[1].scr', and has been removed.
A copy of your original message was saved as 'elissa.gathman.org:None'.
See your administrator.

--Rer34xd7vC5E6b434MS3soP671RCD8
Content-ID: <Q2Xet76Sg02>
Content-Type: text/plain; name=WARNING.TXT

This message appeared to contain a virus.
It was originally named 'story[1].asp', and has been removed.
A copy of your original message was saved as 'elissa.gathman.org:None'.
See your administrator.

--Rer34xd7vC5E6b434MS3soP671RCD8--
