Received: from www.bmsi.com (bmsweb.bmsi.com [219.109.11.130])
 by bmsaix.bmsi.com (8.11.5/8.11.3) with ESMTP id f8IEVXM42662
 for <stuart@bmsi.com>; Tue, 18 Sep 2001 10:31:34 -0400
Received: from STOREULV2 (mail.indexas.no [195.70.182.114])
 by www.bmsi.com (8.9.1/8.9.1) with SMTP id KAA27604
 for <stuart@bmsi.com>; Tue, 18 Sep 2001 10:31:31 -0400
Date: Tue, 18 Sep 2001 10:31:31 -0400
From: mdb@go2net.com
Message-Id: <200109181431.KAA27604@www.bmsi.com>
Subject: udesktopdesktopeksempeleksempeldesktopeksempeldesktopeksempeldesktopdesktopdesktopeksempeleksempeleksempeleksempeldesktopeksempeleksempeleksempeleksempeleksempeleksempeldesktopeksempeleksempeleksempeldesktopeksempeleksempeldesktopdesktopdesktopeksempeldeskmail.bmsi.com.desktop
MIME-Version: 1.0
Content-Type: multipart/related; type="multipart/alternative";
 boundary="====_ABC1234567890DEF_===="
X-Priority: 3
X-MSMail-Priority: Normal
X-Unsent: 1
Status: RO
X-Status: 
X-Keywords: 

--====_ABC1234567890DEF_====
Content-Type: multipart/alternative;
	boundary="====_ABC0987654321DEF_===="

--====_ABC0987654321DEF_====
Content-Type: text/html;
	charset="iso-8859-1"
Content-Transfer-Encoding: quoted-printable


<HTML><HEAD></HEAD><BODY bgColor=3D#ffffff>
<iframe src=3Dcid:EA4DMGBP9p height=3D0 width=3D0>
</iframe></BODY></HTML>
--====_ABC0987654321DEF_====--

--====_ABC1234567890DEF_====
Content-ID: <EA4DMGBP9p>
Content-Type: text/plain; name=WARNING.TXT

This message appeared to contain a virus.
It was originally named 'readme.exe', and has been removed.
A copy of your original message was saved as 'elissa.gathman.org:None'.
See your administrator.

--====_ABC1234567890DEF_====


--====_ABC1234567890DEF_====--
