Received: from thfalcon.com (unknown [202.90.113.150])
 by thfalcon.com (Postfix) with ESMTP id 32F0DD819C
 for <stuart@bmsi.com>; Thu, 16 Jun 2005 15:42:08 +0700 (ICT)
From: ttaie1@thfalcon.com
To: stuart@bmsi.com
Subject: Returned mail: see transcript for details
Date: Thu, 16 Jun 2005 15:50:10 +0700
MIME-Version: 1.0
Content-Type: multipart/mixed;
 boundary="----=_NextPart_000_0014_E4E04420.5619685C"
X-Priority: 3
X-MSMail-Priority: Normal
X-Mailer: Microsoft Outlook Express 6.00.2600.0000
X-MIMEOLE: Produced By Microsoft MimeOLE V6.00.2600.0000
Message-Id: <20050616084208.32F0DD819C@thfalcon.com>
Received-SPF: pass (mail.bmsi.com: guessing: domain of thfalcon.com designates
 203.147.3.44 as permitted sender) client-ip=203.147.3.44;
 envelope-from=ttaie1@thfalcon.com; helo=thfalcon.com; 

This is a multi-part message in MIME format.

------=_NextPart_000_0014_E4E04420.5619685C
Content-Type: text/plain;
	charset=us-ascii
Content-Transfer-Encoding: 7bit

Message could not be delivered


------=_NextPart_000_0014_E4E04420.5619685C
Content-Type: text/plain; name=WARNING.TXT

This message appeared to contain a virus.
It was originally named 'stuart@bmsi.com.zip', and has been removed.
A copy of your original message was saved as 'elissa.gathman.org:None'.
See your administrator.

------=_NextPart_000_0014_E4E04420.5619685C--


